[debug] [2026-08-04T18:24:31.383Z] ----------------------------------------------------------------------
[debug] [2026-08-04T18:24:31.385Z] Command:       /opt/homebrew/Cellar/node/23.5.0/bin/node /opt/homebrew/bin/firebase deploy --only hosting
[debug] [2026-08-04T18:24:31.385Z] CLI Version:   14.6.0
[debug] [2026-08-04T18:24:31.385Z] Platform:      darwin
[debug] [2026-08-04T18:24:31.385Z] Node Version:  v23.5.0
[debug] [2026-08-04T18:24:31.386Z] Time:          Tue Aug 04 2026 23:54:31 GMT+0530 (India Standard Time)
[debug] [2026-08-04T18:24:31.386Z] ----------------------------------------------------------------------
[debug] 
[debug] [2026-08-04T18:24:31.478Z] > command requires scopes: ["email","openid","https://www.googleapis.com/auth/cloudplatformprojects.readonly","https://www.googleapis.com/auth/firebase","https://www.googleapis.com/auth/cloud-platform"]
[debug] [2026-08-04T18:24:31.479Z] > authorizing via signed-in user (genesisappsofficial@gmail.com)
[debug] [2026-08-04T18:24:31.479Z] [iam] checking project healingmilestones-6d4ef for permissions ["firebase.projects.get","firebasehosting.sites.update"]
[debug] [2026-08-04T18:24:31.479Z] Checked if tokens are valid: false, expires at: 1785865545650
[debug] [2026-08-04T18:24:31.479Z] Checked if tokens are valid: false, expires at: 1785865545650
[debug] [2026-08-04T18:24:31.479Z] > refreshing access token with scopes: []
[debug] [2026-08-04T18:24:31.480Z] >>> [apiv2][query] POST https://www.googleapis.com/oauth2/v3/token [none]
[debug] [2026-08-04T18:24:31.480Z] >>> [apiv2][body] POST https://www.googleapis.com/oauth2/v3/token [omitted]
[debug] [2026-08-04T18:24:31.658Z] <<< [apiv2][status] POST https://www.googleapis.com/oauth2/v3/token 200
[debug] [2026-08-04T18:24:31.658Z] <<< [apiv2][body] POST https://www.googleapis.com/oauth2/v3/token [omitted]
[debug] [2026-08-04T18:24:31.673Z] >>> [apiv2][query] POST https://cloudresourcemanager.googleapis.com/v1/projects/healingmilestones-6d4ef:testIamPermissions [none]
[debug] [2026-08-04T18:24:31.673Z] >>> [apiv2][(partial)header] POST https://cloudresourcemanager.googleapis.com/v1/projects/healingmilestones-6d4ef:testIamPermissions x-goog-quota-user=projects/healingmilestones-6d4ef
[debug] [2026-08-04T18:24:31.673Z] >>> [apiv2][body] POST https://cloudresourcemanager.googleapis.com/v1/projects/healingmilestones-6d4ef:testIamPermissions {"permissions":["firebase.projects.get","firebasehosting.sites.update"]}
[debug] [2026-08-04T18:24:33.168Z] <<< [apiv2][status] POST https://cloudresourcemanager.googleapis.com/v1/projects/healingmilestones-6d4ef:testIamPermissions 200
[debug] [2026-08-04T18:24:33.168Z] <<< [apiv2][body] POST https://cloudresourcemanager.googleapis.com/v1/projects/healingmilestones-6d4ef:testIamPermissions {"permissions":["firebase.projects.get","firebasehosting.sites.update"]}
[debug] [2026-08-04T18:24:33.169Z] Checked if tokens are valid: true, expires at: 1785871470658
[debug] [2026-08-04T18:24:33.169Z] Checked if tokens are valid: true, expires at: 1785871470658
[debug] [2026-08-04T18:24:33.170Z] >>> [apiv2][query] GET https://firebase.googleapis.com/v1beta1/projects/healingmilestones-6d4ef [none]
[debug] [2026-08-04T18:24:33.881Z] <<< [apiv2][status] GET https://firebase.googleapis.com/v1beta1/projects/healingmilestones-6d4ef 200
[debug] [2026-08-04T18:24:33.881Z] <<< [apiv2][body] GET https://firebase.googleapis.com/v1beta1/projects/healingmilestones-6d4ef {"projectId":"healingmilestones-6d4ef","projectNumber":"507010116072","displayName":"healingMilestones","name":"projects/healingmilestones-6d4ef","resources":{"hostingSite":"healingmilestones-6d4ef"},"state":"ACTIVE","labels":{"firebase":"enabled","firebase/storage-default-bucket":"created"},"etag":"1_28335452-f4c6-40a0-bb59-338c6b85ad06"}
[debug] [2026-08-04T18:24:34.738Z] Checked if tokens are valid: true, expires at: 1785871470658
[debug] [2026-08-04T18:24:34.738Z] Checked if tokens are valid: true, expires at: 1785871470658
[debug] [2026-08-04T18:24:34.738Z] >>> [apiv2][query] GET https://firebasehosting.googleapis.com/v1beta1/projects/healingmilestones-6d4ef/sites pageToken=&pageSize=10
[debug] [2026-08-04T18:24:36.291Z] <<< [apiv2][status] GET https://firebasehosting.googleapis.com/v1beta1/projects/healingmilestones-6d4ef/sites 200
[debug] [2026-08-04T18:24:36.291Z] <<< [apiv2][body] GET https://firebasehosting.googleapis.com/v1beta1/projects/healingmilestones-6d4ef/sites {"sites":[{"name":"projects/healingmilestones-6d4ef/sites/healingmilestones-6d4ef","defaultUrl":"https://healingmilestones-6d4ef.web.app","appId":"1:507010116072:web:a21165283fcc477a5cdc5d","type":"DEFAULT_SITE"}]}
[debug] [2026-08-04T18:24:36.292Z] Checked if tokens are valid: true, expires at: 1785871470658
[debug] [2026-08-04T18:24:36.292Z] Checked if tokens are valid: true, expires at: 1785871470658
[debug] [2026-08-04T18:24:36.292Z] >>> [apiv2][query] GET https://firebase.googleapis.com/v1beta1/projects/-/webApps/1:507010116072:web:a21165283fcc477a5cdc5d/config [none]
[debug] [2026-08-04T18:24:37.774Z] <<< [apiv2][status] GET https://firebase.googleapis.com/v1beta1/projects/-/webApps/1:507010116072:web:a21165283fcc477a5cdc5d/config 200
[debug] [2026-08-04T18:24:37.775Z] <<< [apiv2][body] GET https://firebase.googleapis.com/v1beta1/projects/-/webApps/1:507010116072:web:a21165283fcc477a5cdc5d/config {"projectId":"healingmilestones-6d4ef","appId":"1:507010116072:web:a21165283fcc477a5cdc5d","storageBucket":"healingmilestones-6d4ef.firebasestorage.app","apiKey":"AIzaSyC6vWyFJlYp6v0LXdfp58ky9avazsjRM9Q","authDomain":"healingmilestones-6d4ef.firebaseapp.com","messagingSenderId":"507010116072","measurementId":"G-JTCGGV11NW","projectNumber":"507010116072","version":"2"}
[info] 
   Thank you for trying our early preview of Next.js support on Firebase Hosting.
   During the preview, support is best-effort and breaking changes can be expected. Proceed with caution.
   The integration is known to work with Next.js version 12 - 15.0. You may encounter errors.

   Documentation: https://firebase.google.com/docs/hosting/frameworks/nextjs
   File a bug: https://github.com/firebase/firebase-tools/issues/new?template=bug_report.md
   Submit a feature request: https://github.com/firebase/firebase-tools/issues/new?template=feature_request.md

   We'd love to learn from you. Express your interest in helping us shape the future of Firebase Hosting: https://goo.gle/41enW5X

[debug] [2026-08-04T18:24:39.352Z] Checked if tokens are valid: true, expires at: 1785871470658
[debug] [2026-08-04T18:24:39.352Z] Checked if tokens are valid: true, expires at: 1785871470658
[debug] [2026-08-04T18:24:39.352Z] >>> [apiv2][query] GET https://firebasehosting.googleapis.com/v1beta1/projects/healingmilestones-6d4ef/sites/healingmilestones-6d4ef [none]
[debug] [2026-08-04T18:24:40.163Z] <<< [apiv2][status] GET https://firebasehosting.googleapis.com/v1beta1/projects/healingmilestones-6d4ef/sites/healingmilestones-6d4ef 200
[debug] [2026-08-04T18:24:40.163Z] <<< [apiv2][body] GET https://firebasehosting.googleapis.com/v1beta1/projects/healingmilestones-6d4ef/sites/healingmilestones-6d4ef {"name":"projects/healingmilestones-6d4ef/sites/healingmilestones-6d4ef","defaultUrl":"https://healingmilestones-6d4ef.web.app","appId":"1:507010116072:web:a21165283fcc477a5cdc5d","type":"DEFAULT_SITE"}
[info] ▲ Next.js 16.3.0 (Turbopack)

[info] ✓ Running next.config.ts took 47ms

[info] 

[info]   Creating an optimized production build ...

